PHPUnit 10.5.48 by Sebastian Bergmann and contributors.

Test file "tests/Feature/CursoApiTest.php::test_api_store_curso_valido" not found
